{
 "results": null,
 "serverVersionMetadata": null,
 "cluster_name": "",
 "inventory_type": ""
}
