{
 "Timestamp": "2020-09-18T11:00:49Z",
 "Results": [
  {
   "Name": "docker",
   "Images": [
    "docker/kube-compose-controller:v0.4.25-alpha1",
    "docker/kube-compose-api-server:v0.4.25-alpha1"
   ]
  },
  {
   "Name": "kube-system",
   "Images": [
    "k8s.gcr.io/coredns:1.6.2",
    "k8s.gcr.io/etcd:3.3.15-0",
    "k8s.gcr.io/kube-apiserver:v1.16.5",
    "k8s.gcr.io/kube-controller-manager:v1.16.5",
    "k8s.gcr.io/kube-proxy:v1.16.5",
    "k8s.gcr.io/kube-scheduler:v1.16.5",
    "docker/desktop-storage-provisioner:v1.1",
    "docker/desktop-vpnkit-controller:v1.0"
   ]
  }
 ]
}
