{
 "timestamp": "2020-09-18T11:00:49Z",
 "results": []
}
