NAMESPACE    IMAGE TAG                                      REPO DIGEST                                                             
docker       docker/kube-compose-controller:v0.4.25-alpha1  sha256:6ad2d6a2cc1909fbc477f64e3292c16b88db31eb83458f420eb223f119f3dffd  
docker       docker/kube-compose-api-server:v0.4.25-alpha1  sha256:17593177ba90d0ece33fa82c0075953df1f29beb89f71c1ee8b13abee31da494  
kube-system  k8s.gcr.io/coredns:1.6.2                       sha256:12eb885b8685b1b13a04ecf5c23bc809c2e57917252fd7b0be9e9c00644e8ee5  
kube-system  k8s.gcr.io/etcd:3.3.15-0                       sha256:12c2c5e5731c3bcd56e6f1c05c0f9198b6f06793fa7fca2fb43aab9622dc4afa  
kube-system  k8s.gcr.io/kube-apiserver:v1.16.5              sha256:1ec8f8d41f67f3263b86d71f3a7d3d925b2458dd14292baecfbdf18c234a1855  
kube-system  k8s.gcr.io/kube-controller-manager:v1.16.5     sha256:d807554df171ba4f3b56aa2a63c2ef5b56af095fd7aebdeafedbbfcda5275d10  
kube-system  k8s.gcr.io/kube-proxy:v1.16.5                  sha256:166939d1b8d0988d675a027f459e40fbded092887905cc1b62b7e4cb67d493c5  
kube-system  k8s.gcr.io/kube-scheduler:v1.16.5              sha256:8f20c90afce972ae51acaf425b7bdb6445f54168b52ea311b2b89adf5db1acac  
kube-system  docker/desktop-storage-provisioner:v1.1        sha256:b39d74c0eb50b82375f916ff2bf0d10cccff09015e01c55eaa123ec6549c4177  
kube-system  docker/desktop-vpnkit-controller:v1.0          sha256:6800d69751e483710a0949fbd01c459934a18ede9d227166def0af44f3a46970  
