configpath: ../../anchore-k8s-inventory.yaml
quiet: false
log:
  structured: false
  levelopt: debug
  level: debug
  file: ./anchore-k8s-inventory.log
clioptions:
  configpath: ../../anchore-k8s-inventory.yaml
  verbosity: 0
dev:
  profile-cpu: false
kubeconfig:
  path: ""
  cluster: docker-desktop
  cluster-cert: ""
  server: ""
  user:
    userconftype: 0
    type: ""
    client-cert: ""
    private-key: '******'
    token: '******'
kubernetes:
  request-timeout-seconds: 60
  request-batch-size: 100
  worker-pool-size: 100
namespaces: []
kubernetes-request-timeout-seconds: -1
namespace-selectors:
  include: []
  exclude: []
  ignore-empty: false
account-routes:
  account0:
    user: account0User
    password: '******'
    namespaces:
    - ns-account0
  account2:
    user: account2User
    password: '******'
    namespaces:
    - ns-account2
account-route-by-namespace-label:
  key: ""
  default-account: ""
  ignore-missing-label: false
missing-registry-override: ""
missing-tag-policy:
  policy: digest
  tag: UNKNOWN
runmode: 0
mode: adhoc
ignore-not-running: true
polling-interval-seconds: 300
inventory-report-limits:
  namespaces: 0
metadata-collection:
  nodes:
    include-annotations: []
    include-labels: []
    disable: false
  namespaces:
    include-annotations: []
    include-labels: []
    disable: false
  pods:
    include-annotations: []
    include-labels: []
    disable: false
anchore:
  url: ""
  user: ""
  password: '******'
  account: admin
  http:
    insecure: false
    timeout-seconds: 10
verbose-inventory-reports: false
